Booting Linux on physical CPU 0x0
Linux version 3.12.0-xilinx-00003-ged4e513-dirty (root@xup-VirtualBox) (gcc version 4.7.2 (Sourcery CodeBench Lite 2012.09-104) ) #7 SMP PREEMPT Sun Jan 25 16:17:30 CST 2015
CPU: ARMv7 Processor [413fc090] revision 0 (ARMv7), cr=18c5387d
CPU: PIPT / VIPT nonaliasing data cache, VIPT aliasing instruction cache
Machine: Xilinx Zynq Platform, model: Xilinx Zynq ZC702
bootconsole [earlycon0] enabled
Memory policy: Data cache writealloc
On node 0 totalpages: 131072
free_area_init_node: node 0, pgdat c06fc0c0, node_mem_map c0735000
  Normal zone: 1024 pages used for memmap
  Normal zone: 0 pages reserved
  Normal zone: 131072 pages, LIFO batch:31
PERCPU: Embedded 8 pages/cpu @c0b3c000 s8384 r8192 d16192 u32768
pcpu-alloc: s8384 r8192 d16192 u32768 alloc=8*4096
pcpu-alloc: [0] 0 [0] 1 
Built 1 zonelists in Zone order, mobility grouping on.  Total pages: 130048
Kernel command line: console=ttyPS0,115200 root=/dev/mmcblk0p2 rw earlyprintk rootfstype=ext4 rootwait devtmpfs.mount=0
PID hash table entries: 2048 (order: 1, 8192 bytes)
Dentry cache hash table entries: 65536 (order: 6, 262144 bytes)
Inode-cache hash table entries: 32768 (order: 5, 131072 bytes)
Memory: 512280K/524288K available (5041K kernel code, 311K rwdata, 1620K rodata, 180K init, 186K bss, 12008K reserved, 0K highmem)
Virtual kernel memory layout:
    vector  : 0xffff0000 - 0xffff1000   (   4 kB)
    fixmap  : 0xfff00000 - 0xfffe0000   ( 896 kB)
    vmalloc : 0xe0800000 - 0xff000000   ( 488 MB)
    lowmem  : 0xc0000000 - 0xe0000000   ( 512 MB)
    pkmap   : 0xbfe00000 - 0xc0000000   (   2 MB)
    modules : 0xbf000000 - 0xbfe00000   (  14 MB)
      .text : 0xc0008000 - 0xc068981c   (6663 kB)
      .init : 0xc068a000 - 0xc06b70c0   ( 181 kB)
      .data : 0xc06b8000 - 0xc0705ce0   ( 312 kB)
       .bss : 0xc0705cec - 0xc0734850   ( 187 kB)
Preemptible hierarchical RCU implementation.
	Dump stacks of tasks blocking RCU-preempt GP.
	RCU restricting CPUs from NR_CPUS=4 to nr_cpu_ids=2.
NR_IRQS:16 nr_irqs:16 16
ps7-slcr mapped to e0802000
Zynq clock init
sched_clock: 16 bits at 54kHz, resolution 18432ns, wraps every 1207ms
ps7-ttc #0 at e0804000, irq=43
Console: colour dummy device 80x30
Calibrating delay loop... 1332.01 BogoMIPS (lpj=6660096)
pid_max: default: 32768 minimum: 301
Mount-cache hash table entries: 512
CPU: Testing write buffer coherency: ok
CPU0: thread -1, cpu 0, socket 0, mpidr 80000000
Setting up static identity map for 0xc04c61a0 - 0xc04c61f8
L310 cache controller enabled
l2x0: 8 ways, CACHE_ID 0x410000c8, AUX_CTRL 0x72360000, Cache size: 512 kB
CPU1: Booted secondary processor
CPU1: thread -1, cpu 1, socket 0, mpidr 80000001
Brought up 2 CPUs
SMP: Total of 2 processors activated.
CPU: All CPU(s) started in SVC mode.
devtmpfs: initialized
VFP support v0.3: implementor 41 architecture 3 part 30 variant 9 rev 4
NET: Registered protocol family 16
DMA: preallocated 256 KiB pool for atomic coherent allocations
zynq_gpio e000a000.ps7-gpio: gpio at 0xe000a000 mapped to 0xe0850000
hw-breakpoint: found 5 (+1 reserved) breakpoint and 1 watchpoint registers.
hw-breakpoint: maximum watchpoint size is 4 bytes.
bio: create slab <bio-0> at 0
GPIO IRQ not connected
XGpio: /amba@0/gpio@41200000: registered, base is 248
GPIO IRQ not connected
XGpio: /amba@0/gpio@41200000: dual channel registered, base is 240
GPIO IRQ not connected
XGpio: /amba@0/gpio@41220000: registered, base is 234
XGpio: /amba@0/gpio@41210000: registered, base is 229
vgaarb: loaded
SCSI subsystem initialized
usbcore: registered new interface driver usbfs
usbcore: registered new interface driver hub
usbcore: registered new device driver usb
Linux video capture interface: v2.00
pps_core: LinuxPPS API ver. 1 registered
pps_core: Software ver. 5.3.6 - Copyright 2005-2007 Rodolfo Giometti <giometti@linux.it>
PTP clock support registered
EDAC MC: Ver: 3.0.0
Advanced Linux Sound Architecture Driver Initialized.
cfg80211: Calling CRDA to update world regulatory domain
Switched to clocksource ttc_clocksource
NET: Registered protocol family 2
TCP established hash table entries: 4096 (order: 3, 32768 bytes)
TCP bind hash table entries: 4096 (order: 3, 32768 bytes)
TCP: Hash tables configured (established 4096 bind 4096)
TCP: reno registered
UDP hash table entries: 256 (order: 1, 8192 bytes)
UDP-Lite hash table entries: 256 (order: 1, 8192 bytes)
NET: Registered protocol family 1
RPC: Registered named UNIX socket transport module.
RPC: Registered udp transport module.
RPC: Registered tcp transport module.
RPC: Registered tcp NFSv4.1 backchannel transport module.
PCI: CLS 0 bytes, default 64
hw perfevents: enabled with ARMv7 Cortex-A9 PMU driver, 7 counters available
jffs2: version 2.2. (NAND) (SUMMARY)  \xffffffc2\xffffffa9 2001-2006 Red Hat, Inc.
msgmni has been set to 1000
io scheduler noop registered
io scheduler deadline registered
io scheduler cfq registered (default)
dma-pl330 f8003000.ps7-dma: unable to set the seg size
dma-pl330 f8003000.ps7-dma: Loaded driver for PL330 DMAC-2364208
dma-pl330 f8003000.ps7-dma: 	DBUFF-128x8bytes Num_Chans-8 Num_Peri-4 Num_Events-16
e0001000.serial: ttyPS0 at MMIO 0xe0001000 (irq = 82, base_baud = 3124999) is a xuartps
console [ttyPS0] enabled, bootconsole disabled
xdevcfg f8007000.ps7-dev-cfg: ioremap 0xf8007000 to e0874000
brd: module loaded
loop: module loaded
usbcore: registered new interface driver rtl8192cu
usbcore: registered new interface driver rtl8150
usbcore: registered new interface driver r8152
usbcore: registered new interface driver asix
usbcore: registered new interface driver ax88179_178a
usbcore: registered new interface driver cdc_ether
usbcore: registered new interface driver r815x
usbcore: registered new interface driver net1080
usbcore: registered new interface driver cdc_subset
usbcore: registered new interface driver zaurus
usbcore: registered new interface driver cdc_ncm
ehci_hcd: USB 2.0 'Enhanced' Host Controller (EHCI) Driver
ehci-pci: EHCI PCI platform driver
ULPI transceiver vendor/product ID 0x0451/0x1507
Found TI TUSB1210 ULPI transceiver.
ULPI integrity check: passed.
xusbps-ehci xusbps-ehci.0: Xilinx PS USB EHCI Host Controller
xusbps-ehci xusbps-ehci.0: new USB bus registered, assigned bus number 1
xusbps-ehci xusbps-ehci.0: irq 53, io mem 0x00000000
xusbps-ehci xusbps-ehci.0: USB 2.0 started, EHCI 1.00
usb usb1: New USB device found, idVendor=1d6b, idProduct=0002
usb usb1: New USB device strings: Mfr=3, Product=2, SerialNumber=1
usb usb1: Product: Xilinx PS USB EHCI Host Controller
usb usb1: Manufacturer: Linux 3.12.0-xilinx-00003-ged4e513-dirty ehci_hcd
usb usb1: SerialNumber: xusbps-ehci.0
hub 1-0:1.0: USB hub found
hub 1-0:1.0: 1 port detected
usbcore: registered new interface driver cdc_wdm
usbcore: registered new interface driver usb-storage
usbcore: registered new interface driver ums-realtek
usbcore: registered new interface driver usbserial
mousedev: PS/2 mouse device common for all mice
i2c /dev entries driver
usbcore: registered new interface driver uvcvideo
USB Video Class driver (1.1.1)
gspca_main: v2.14.0 registered
xadcps f8007100.ps7-xadc: enabled:	yes	reference:	external
zynq-edac f8006000.ps7-ddrc: ecc not enabled
sdhci: Secure Digital Host Controller Interface driver
sdhci: Copyright(c) Pierre Ossman
sdhci-pltfm: SDHCI platform and OF driver helper
mmc0: Invalid maximum block size, assuming 512 bytes
mmc0: SDHCI controller on e0100000.ps7-sdio [e0100000.ps7-sdio] using ADMA
usbcore: registered new interface driver usbhid
usbhid: USB HID core driver
TCP: cubic registered
NET: Registered protocol family 17
lib80211: common routines for IEEE802.11 drivers
lib80211_crypt: registered algorithm 'NULL'
lib80211_crypt: registered algorithm 'WEP'
lib80211_crypt: registered algorithm 'CCMP'
lib80211_crypt: registered algorithm 'TKIP'
zynq_pm_remap_ocm: no compatible node found for 'xlnx,zynq-ocm-1.0'
zynq_pm_late_init: Unable to map OCM.
Registering SWP/SWPB emulation handler
drivers/rtc/hctosys.c: unable to open rtc device (rtc0)
ALSA device list:
  No soundcards found.
Waiting for root device /dev/mmcblk0p2...
mmc0: new high speed SDHC card at address b368
mmcblk0: mmc0:b368 F0F0F 3.71 GiB 
 mmcblk0: p1 p2
EXT4-fs (mmcblk0p2): recovery complete
EXT4-fs (mmcblk0p2): mounted filesystem with ordered data mode. Opts: (null)
VFS: Mounted root (ext4 filesystem) on device 179:2.
Freeing unused kernel memory: 180K (c068a000 - c06b7000)
init: Failed to create pty - disabling logging for job
init: Temporary process spawn error: No space left on device
udevd[694]: starting version 175
init: udev-fallback-graphics main process (995) terminated with status 1
init: plymouth main process (606) killed by SEGV signal
init: plymouth-splash main process (1015) terminated with status 2
